Config file /maps/projects/rasmussen/data/taxvamb_benchmarks/refactor_paper_benchmarks/config/config.yaml is extended by additional config specified via the command line.
The flag 'directory' used in rule format_bins_default_vamb_filtered is only valid for outputs, not inputs.
The flag 'directory' used in rule default_vamb_checkm is only valid for outputs, not inputs.
The flag 'temp' used in rule metabat is only valid for outputs, not inputs.
The flag 'directory' used in rule metabat_checkm is only valid for outputs, not inputs.
The flag 'directory' used in rule metadecoder_checkm is only valid for outputs, not inputs.
The flag 'directory' used in rule format_bins_taxvamb_kalmari is only valid for outputs, not inputs.
The flag 'directory' used in rule format_bins_taxvamb_filtered_kalmari is only valid for outputs, not inputs.
The flag 'directory' used in rule format_bins_taxvamb_gtdb is only valid for outputs, not inputs.
The flag 'directory' used in rule format_bins_taxvamb_filtered_gtdb is only valid for outputs, not inputs.
The flag 'directory' used in rule format_bins_taxvamb_trembl is only valid for outputs, not inputs.
The flag 'directory' used in rule format_bins_taxvamb_filtered_trembl is only valid for outputs, not inputs.
The flag 'directory' used in rule trembl_checkm is only valid for outputs, not inputs.
The flag 'directory' used in rule kalmari_checkm is only valid for outputs, not inputs.
The flag 'directory' used in rule gtdb_checkm is only valid for outputs, not inputs.
The flag 'directory' used in rule checkm_class is only valid for outputs, not inputs.
The flag 'directory' used in rule checkm_class_recluster is only valid for outputs, not inputs.
host: esrumcmpn10fl.unicph.domain
Building DAG of jobs...
Your conda installation is not configured to use strict channel priorities. This is however important for having robust and correct environments (for details, see https://conda-forge.org/docs/user/tipsandtricks.html). Please consider to configure strict priorities by executing 'conda config --set channel_priority strict'.
Using shell: /usr/bin/bash
Provided cores: 96
Rules claiming more threads will be scaled down.
Provided resources: mem_gb=250
Select jobs to execute...
Execute 1 jobs...

[Tue Jan 20 03:21:13 2026]
localrule gunc:
    input: /maps/projects/rasmussen/data/taxvamb_benchmarks/rerun_semibin_results/bee_metagenome_PRJNA1007366/semibin/bins
    output: /maps/projects/rasmussen/data/taxvamb_benchmarks/rerun_semibin_results/bee_metagenome_PRJNA1007366/gunc/semibin, /maps/projects/rasmussen/data/taxvamb_benchmarks/rerun_semibin_results/bee_metagenome_PRJNA1007366/gunc/semibin/GUNC.progenomes_2.1.maxCSS_level.tsv
    jobid: 0
    reason: Forced execution
    wildcards: key=bee_metagenome_PRJNA1007366, bin_dir=semibin
    threads: 64
    resources: mem_mb=1000, mem_mib=954, disk_mb=1000, disk_mib=954, tmpdir=/scratch/tmp, walltime=20-00:00:00, mem_gb=250, gpu=


        # Input dir should contain files in fasta format -- need to gzip for some
        rm -rf /maps/projects/rasmussen/data/taxvamb_benchmarks/rerun_semibin_results/bee_metagenome_PRJNA1007366/gunc/semibin
        mkdir -p /maps/projects/rasmussen/data/taxvamb_benchmarks/rerun_semibin_results/bee_metagenome_PRJNA1007366/gunc/semibin

        if [ "semibin" == "semibin" ]; then
            gzip -dk /maps/projects/rasmussen/data/taxvamb_benchmarks/rerun_semibin_results/bee_metagenome_PRJNA1007366/semibin/bins/*.gz 
        fi

        gunc run --input_dir /maps/projects/rasmussen/data/taxvamb_benchmarks/rerun_semibin_results/bee_metagenome_PRJNA1007366/semibin/bins --file_suffix .fa --db_file /maps/projects/rasmussen/data/taxvamb_benchmarks/taxvamb_benchmarks/gunc_db/gunc_database/gunc_db_progenomes2.1.dmnd --threads 64 --out_dir /maps/projects/rasmussen/data/taxvamb_benchmarks/rerun_semibin_results/bee_metagenome_PRJNA1007366/gunc/semibin 
        
Activating conda environment: .snakemake/conda/4fc5ff30191f3a957a9da28c47457afe_
/maps/projects/rasmussen/data/taxvamb_benchmarks/refactor_paper_benchmarks/.snakemake/conda/4fc5ff30191f3a957a9da28c47457afe_/lib/python3.14/site-packages/gunc/get_scores.py:9: UserWarning: pkg_resources is deprecated as an API. See https://setuptools.pypa.io/en/latest/pkg_resources.html. The pkg_resources package is slated for removal as early as 2025-11-30. Refrain from using this package or pin to Setuptools<81.
  from pkg_resources import resource_filename
03:27:31 : START 2026-01-20
03:27:31 : START Prodigal
/maps/projects/rasmussen/data/taxvamb_benchmarks/refactor_paper_benchmarks/.snakemake/conda/4fc5ff30191f3a957a9da28c47457afe_/lib/python3.14/site-packages/gunc/get_scores.py:9: UserWarning: pkg_resources is deprecated as an API. See https://setuptools.pypa.io/en/latest/pkg_resources.html. The pkg_resources package is slated for removal as early as 2025-11-30. Refrain from using this package or pin to Setuptools<81.
  from pkg_resources import resource_filename
03:29:44 : END   Prodigal
03:29:44 : START Diamond
03:36:18 : END   Diamond
03:36:18 : No genes mapped to reference: S4_SemiBin_60
03:36:18 : No genes mapped to reference: S4_SemiBin_95
03:36:18 : No genes mapped to reference: S1_SemiBin_7
03:36:18 : No genes mapped to reference: S2_SemiBin_44
03:36:18 : No genes mapped to reference: S7_SemiBin_9
03:36:18 : No genes mapped to reference: S6_SemiBin_46
03:36:18 : No genes mapped to reference: S12_SemiBin_56
03:36:18 : No genes mapped to reference: S18_SemiBin_5
03:36:18 : No genes mapped to reference: S1_SemiBin_33
03:36:18 : No genes mapped to reference: S3_SemiBin_39
03:36:18 : No genes mapped to reference: S14_SemiBin_30
03:36:18 : No genes mapped to reference: S8_SemiBin_3
03:36:18 : No genes mapped to reference: S18_SemiBin_143
03:36:18 : No genes mapped to reference: S10_SemiBin_63
03:36:18 : No genes mapped to reference: S1_SemiBin_145
03:36:18 : No genes mapped to reference: S13_SemiBin_53
03:36:18 : No genes mapped to reference: S12_SemiBin_64
03:36:18 : No genes mapped to reference: S10_SemiBin_34
03:36:19 : No genes mapped to reference: S3_SemiBin_49
03:36:19 : No genes mapped to reference: S1_SemiBin_40
03:36:19 : No genes mapped to reference: S17_SemiBin_147
03:36:19 : No genes mapped to reference: S14_SemiBin_105
03:36:19 : No genes mapped to reference: S16_SemiBin_25
03:36:19 : No genes mapped to reference: S6_SemiBin_8
03:36:19 : No genes mapped to reference: S15_SemiBin_40
03:36:19 : No genes mapped to reference: S18_SemiBin_84
03:36:19 : No genes mapped to reference: S12_SemiBin_12
03:36:19 : No genes mapped to reference: S15_SemiBin_71
03:36:19 : No genes mapped to reference: S13_SemiBin_18
03:36:19 : No genes mapped to reference: S9_SemiBin_101
03:36:19 : No genes mapped to reference: S4_SemiBin_57
03:36:19 : No genes mapped to reference: S13_SemiBin_60
03:36:19 : No genes mapped to reference: S8_SemiBin_63
03:36:19 : No genes mapped to reference: S8_SemiBin_61
03:36:19 : No genes mapped to reference: S1_SemiBin_32
03:36:19 : No genes mapped to reference: S7_SemiBin_71
03:36:19 : No genes mapped to reference: S1_SemiBin_24
03:36:19 : No genes mapped to reference: S9_SemiBin_1
03:36:19 : No genes mapped to reference: S6_SemiBin_54
03:36:19 : No genes mapped to reference: S7_SemiBin_12
03:36:19 : No genes mapped to reference: S11_SemiBin_44
03:36:19 : No genes mapped to reference: S8_SemiBin_21
03:36:19 : No genes mapped to reference: S14_SemiBin_13
03:36:19 : No genes mapped to reference: S12_SemiBin_272
03:36:19 : No genes mapped to reference: S11_SemiBin_52
03:36:19 : No genes mapped to reference: S1_SemiBin_30
03:36:19 : No genes mapped to reference: S1_SemiBin_73
03:36:19 : No genes mapped to reference: S7_SemiBin_37
03:36:19 : No genes mapped to reference: S12_SemiBin_89
03:36:19 : No genes mapped to reference: S10_SemiBin_7
03:36:19 : No genes mapped to reference: S4_SemiBin_97
03:36:19 : No genes mapped to reference: S6_SemiBin_104
03:36:19 : No genes mapped to reference: S8_SemiBin_64
03:36:19 : No genes mapped to reference: S15_SemiBin_43
03:36:19 : No genes mapped to reference: S11_SemiBin_55
03:36:19 : No genes mapped to reference: S1_SemiBin_66
03:36:19 : No genes mapped to reference: S10_SemiBin_41
03:36:19 : No genes mapped to reference: S10_SemiBin_31
03:36:19 : No genes mapped to reference: S11_SemiBin_30
03:36:19 : No genes mapped to reference: S18_SemiBin_39
03:36:19 : No genes mapped to reference: S5_SemiBin_8
03:36:19 : No genes mapped to reference: S15_SemiBin_109
03:36:19 : No genes mapped to reference: S15_SemiBin_18
03:36:19 : No genes mapped to reference: S10_SemiBin_138
03:36:19 : No genes mapped to reference: S18_SemiBin_17
03:36:20 : No genes mapped to reference: S2_SemiBin_75
03:36:20 : No genes mapped to reference: S1_SemiBin_3
03:36:20 : No genes mapped to reference: S2_SemiBin_23
03:36:20 : No genes mapped to reference: S8_SemiBin_48
03:36:20 : No genes mapped to reference: S15_SemiBin_5
03:36:20 : No genes mapped to reference: S14_SemiBin_66
03:36:20 : No genes mapped to reference: S8_SemiBin_108
03:36:20 : No genes mapped to reference: S15_SemiBin_28
03:36:20 : No genes mapped to reference: S1_SemiBin_13
03:36:20 : No genes mapped to reference: S10_SemiBin_55
03:36:20 : No genes mapped to reference: S12_SemiBin_66
03:36:20 : No genes mapped to reference: S16_SemiBin_23
03:36:20 : No genes mapped to reference: S1_SemiBin_36
03:36:20 : No genes mapped to reference: S2_SemiBin_49
03:36:20 : No genes mapped to reference: S4_SemiBin_87
03:36:20 : No genes mapped to reference: S1_SemiBin_71
03:36:20 : No genes mapped to reference: S6_SemiBin_38
03:36:20 : No genes mapped to reference: S4_SemiBin_7
03:36:20 : No genes mapped to reference: S12_SemiBin_6
03:36:20 : No genes mapped to reference: S13_SemiBin_38
03:36:20 : No genes mapped to reference: S14_SemiBin_55
03:36:20 : No genes mapped to reference: S1_SemiBin_79
03:36:20 : No genes mapped to reference: S3_SemiBin_36
03:36:20 : No genes mapped to reference: S4_SemiBin_43
03:36:20 : No genes mapped to reference: S12_SemiBin_16
03:36:20 : No genes mapped to reference: S3_SemiBin_0
03:36:20 : No genes mapped to reference: S15_SemiBin_20
03:36:20 : No genes mapped to reference: S14_SemiBin_35
03:36:20 : No genes mapped to reference: S8_SemiBin_67
03:36:20 : No genes mapped to reference: S11_SemiBin_72
03:36:20 : No genes mapped to reference: S5_SemiBin_34
03:36:20 : No genes mapped to reference: S1_SemiBin_6
03:36:20 : No genes mapped to reference: S8_SemiBin_35
03:36:20 : No genes mapped to reference: S17_SemiBin_6
03:36:20 : No genes mapped to reference: S4_SemiBin_10
03:36:20 : No genes mapped to reference: S15_SemiBin_17
03:36:20 : No genes mapped to reference: S14_SemiBin_63
03:36:20 : No genes mapped to reference: S12_SemiBin_26
03:36:20 : No genes mapped to reference: S17_SemiBin_69
03:36:20 : No genes mapped to reference: S5_SemiBin_71
03:36:20 : No genes mapped to reference: S2_SemiBin_64
03:36:20 : No genes mapped to reference: S17_SemiBin_32
03:36:20 : No genes mapped to reference: S13_SemiBin_110
03:36:20 : No genes mapped to reference: S16_SemiBin_15
03:36:20 : No genes mapped to reference: S18_SemiBin_11
03:36:20 : No genes mapped to reference: S8_SemiBin_13
03:36:20 : No genes mapped to reference: S10_SemiBin_8
03:36:20 : No genes mapped to reference: S11_SemiBin_77
03:36:20 : No genes mapped to reference: S12_SemiBin_35
03:36:20 : No genes mapped to reference: S5_SemiBin_39
03:36:20 : No genes mapped to reference: S12_SemiBin_11
03:36:20 : No genes mapped to reference: S14_SemiBin_24
03:36:20 : No genes mapped to reference: S8_SemiBin_15
03:36:20 : No genes mapped to reference: S17_SemiBin_43
03:36:20 : No genes mapped to reference: S17_SemiBin_68
03:36:20 : No genes mapped to reference: S18_SemiBin_263
03:36:20 : No genes mapped to reference: S12_SemiBin_130
03:36:20 : No genes mapped to reference: S15_SemiBin_128
03:36:20 : No genes mapped to reference: S14_SemiBin_74
03:36:20 : No genes mapped to reference: S6_SemiBin_6
03:36:20 : No genes mapped to reference: S17_SemiBin_27
03:36:20 : No genes mapped to reference: S11_SemiBin_2
03:36:20 : No genes mapped to reference: S18_SemiBin_14
03:36:20 : No genes mapped to reference: S11_SemiBin_23
03:36:20 : No genes mapped to reference: S1_SemiBin_104
03:36:20 : No genes mapped to reference: S15_SemiBin_2
03:36:20 : No genes mapped to reference: S1_SemiBin_41
03:36:20 : No genes mapped to reference: S8_SemiBin_8
03:36:20 : No genes mapped to reference: S11_SemiBin_75
03:36:21 : No genes mapped to reference: S9_SemiBin_22
03:36:21 : No genes mapped to reference: S6_SemiBin_32
03:36:21 : No genes mapped to reference: S9_SemiBin_61
03:36:21 : No genes mapped to reference: S11_SemiBin_43
03:36:21 : No genes mapped to reference: S10_SemiBin_72
03:36:21 : No genes mapped to reference: S2_SemiBin_56
03:36:21 : No genes mapped to reference: S11_SemiBin_57
03:36:21 : No genes mapped to reference: S7_SemiBin_39
03:36:21 : No genes mapped to reference: S1_SemiBin_29
03:36:21 : No genes mapped to reference: S7_SemiBin_88
03:36:21 : No genes mapped to reference: S15_SemiBin_4
03:36:21 : No genes mapped to reference: S1_SemiBin_228
03:36:21 : No genes mapped to reference: S11_SemiBin_13
03:36:22 : No genes mapped to reference: S8_SemiBin_26
03:36:22 : No genes mapped to reference: S1_SemiBin_171
03:36:22 : No genes mapped to reference: S10_SemiBin_143
03:36:22 : No genes mapped to reference: S14_SemiBin_34
03:36:22 : No genes mapped to reference: S6_SemiBin_63
03:36:22 : No genes mapped to reference: S15_SemiBin_61
03:36:22 : No genes mapped to reference: S15_SemiBin_149
03:36:22 : No genes mapped to reference: S8_SemiBin_2
03:36:22 : No genes mapped to reference: S15_SemiBin_86
03:36:22 : No genes mapped to reference: S12_SemiBin_19
03:36:22 : No genes mapped to reference: S16_SemiBin_90
03:36:22 : No genes mapped to reference: S9_SemiBin_28
03:36:22 : No genes mapped to reference: S14_SemiBin_114
03:36:22 : No genes mapped to reference: S5_SemiBin_23
03:36:22 : No genes mapped to reference: S13_SemiBin_17
03:36:22 : No genes mapped to reference: S17_SemiBin_21
03:36:22 : No genes mapped to reference: S6_SemiBin_10
03:36:22 : No genes mapped to reference: S6_SemiBin_80
03:36:22 : No genes mapped to reference: S6_SemiBin_72
03:36:22 : No genes mapped to reference: S4_SemiBin_61
03:36:22 : No genes mapped to reference: S4_SemiBin_58
03:36:22 : No genes mapped to reference: S12_SemiBin_50
03:36:22 : No genes mapped to reference: S2_SemiBin_62
03:36:22 : No genes mapped to reference: S17_SemiBin_103
03:36:22 : No genes mapped to reference: S13_SemiBin_102
03:36:22 : No genes mapped to reference: S12_SemiBin_5
03:36:22 : No genes mapped to reference: S15_SemiBin_95
03:36:22 : No genes mapped to reference: S5_SemiBin_113
03:36:22 : No genes mapped to reference: S18_SemiBin_6
03:36:22 : No genes mapped to reference: S4_SemiBin_16
03:36:22 : No genes mapped to reference: S16_SemiBin_39
03:36:22 : No genes mapped to reference: S3_SemiBin_53
03:36:22 : No genes mapped to reference: S17_SemiBin_31
03:36:22 : No genes mapped to reference: S6_SemiBin_121
03:36:22 : No genes mapped to reference: S14_SemiBin_7
03:36:22 : No genes mapped to reference: S6_SemiBin_22
03:36:22 : No genes mapped to reference: S16_SemiBin_6
03:36:22 : No genes mapped to reference: S13_SemiBin_80
03:36:22 : No genes mapped to reference: S7_SemiBin_6
03:36:22 : No genes mapped to reference: S15_SemiBin_0
03:36:22 : No genes mapped to reference: S5_SemiBin_48
03:36:22 : No genes mapped to reference: S10_SemiBin_32
03:36:22 : No genes mapped to reference: S5_SemiBin_52
03:36:22 : No genes mapped to reference: S8_SemiBin_32
03:36:22 : No genes mapped to reference: S12_SemiBin_20
03:36:22 : No genes mapped to reference: S12_SemiBin_21
03:36:22 : No genes mapped to reference: S1_SemiBin_8
03:36:22 : No genes mapped to reference: S3_SemiBin_7
03:36:22 : No genes mapped to reference: S9_SemiBin_195
03:36:22 : No genes mapped to reference: S15_SemiBin_39
03:36:22 : No genes mapped to reference: S10_SemiBin_45
03:36:22 : No genes mapped to reference: S10_SemiBin_46
03:36:22 : No genes mapped to reference: S15_SemiBin_66
03:36:22 : No genes mapped to reference: S11_SemiBin_50
03:36:22 : No genes mapped to reference: S10_SemiBin_25
03:36:22 : No genes mapped to reference: S14_SemiBin_192
03:36:22 : No genes mapped to reference: S5_SemiBin_77
03:36:22 : No genes mapped to reference: S7_SemiBin_112
03:36:22 : No genes mapped to reference: S11_SemiBin_70
03:36:22 : No genes mapped to reference: S17_SemiBin_33
03:36:22 : No genes mapped to reference: S7_SemiBin_1
03:36:22 : No genes mapped to reference: S15_SemiBin_63
03:36:22 : No genes mapped to reference: S10_SemiBin_91
03:36:22 : No genes mapped to reference: S18_SemiBin_44
03:36:22 : No genes mapped to reference: S14_SemiBin_22
03:36:22 : No genes mapped to reference: S14_SemiBin_25
03:36:22 : No genes mapped to reference: S1_SemiBin_5
03:36:22 : No genes mapped to reference: S16_SemiBin_5
03:36:22 : No genes mapped to reference: S4_SemiBin_68
03:36:22 : No genes mapped to reference: S1_SemiBin_1
03:36:22 : No genes mapped to reference: S14_SemiBin_1
03:36:22 : No genes mapped to reference: S10_SemiBin_57
03:36:22 : No genes mapped to reference: S14_SemiBin_77
03:36:22 : No genes mapped to reference: S5_SemiBin_14
03:36:22 : No genes mapped to reference: S10_SemiBin_59
03:36:22 : No genes mapped to reference: S4_SemiBin_111
03:36:22 : No genes mapped to reference: S17_SemiBin_0
03:36:22 : No genes mapped to reference: S15_SemiBin_92
03:36:22 : No genes mapped to reference: S5_SemiBin_18
03:36:22 : No genes mapped to reference: S3_SemiBin_18
03:36:22 : No genes mapped to reference: S7_SemiBin_41
03:36:22 : No genes mapped to reference: S1_SemiBin_48
03:36:22 : No genes mapped to reference: S14_SemiBin_6
03:36:22 : No genes mapped to reference: S1_SemiBin_119
03:36:22 : No genes mapped to reference: S7_SemiBin_43
03:36:22 : No genes mapped to reference: S13_SemiBin_79
03:36:22 : No genes mapped to reference: S17_SemiBin_14
03:36:22 : No genes mapped to reference: S9_SemiBin_29
03:36:22 : No genes mapped to reference: S16_SemiBin_85
03:36:22 : No genes mapped to reference: S8_SemiBin_19
03:36:22 : No genes mapped to reference: S18_SemiBin_97
03:36:22 : No genes mapped to reference: S1_SemiBin_12
03:36:22 : No genes mapped to reference: S14_SemiBin_4
03:36:22 : No genes mapped to reference: S3_SemiBin_1
03:36:22 : No genes mapped to reference: S13_SemiBin_37
03:36:22 : No genes mapped to reference: S17_SemiBin_28
03:36:22 : No genes mapped to reference: S11_SemiBin_1
03:36:22 : No genes mapped to reference: S5_SemiBin_9
03:36:22 : No genes mapped to reference: S9_SemiBin_27
03:36:22 : No genes mapped to reference: S1_SemiBin_96
03:36:22 : No genes mapped to reference: S12_SemiBin_48
03:36:22 : No genes mapped to reference: S18_SemiBin_37
03:36:22 : No genes mapped to reference: S9_SemiBin_10
03:36:22 : No genes mapped to reference: S18_SemiBin_169
03:36:22 : No genes mapped to reference: S15_SemiBin_89
03:36:22 : No genes mapped to reference: S10_SemiBin_35
03:36:22 : No genes mapped to reference: S2_SemiBin_104
03:36:22 : No genes mapped to reference: S14_SemiBin_23
03:36:23 : No genes mapped to reference: S15_SemiBin_44
03:36:23 : No genes mapped to reference: S14_SemiBin_27
03:36:23 : No genes mapped to reference: S11_SemiBin_133
03:36:23 : No genes mapped to reference: S5_SemiBin_27
03:36:23 : No genes mapped to reference: S9_SemiBin_240
03:36:23 : No genes mapped to reference: S10_SemiBin_36
03:36:23 : No genes mapped to reference: S1_SemiBin_11
03:36:23 : No genes mapped to reference: S12_SemiBin_71
03:36:23 : No genes mapped to reference: S12_SemiBin_102
03:36:23 : No genes mapped to reference: S7_SemiBin_2
03:36:23 : No genes mapped to reference: S13_SemiBin_47
03:36:23 : No genes mapped to reference: S9_SemiBin_138
03:36:23 : No genes mapped to reference: S9_SemiBin_92
03:36:23 : No genes mapped to reference: S8_SemiBin_60
03:36:23 : No genes mapped to reference: S16_SemiBin_13
03:36:23 : No genes mapped to reference: S18_SemiBin_89
03:36:23 : No genes mapped to reference: S14_SemiBin_102
03:36:23 : No genes mapped to reference: S3_SemiBin_50
03:36:23 : No genes mapped to reference: S1_SemiBin_15
03:36:23 : No genes mapped to reference: S4_SemiBin_31
03:36:23 : No genes mapped to reference: S14_SemiBin_53
03:36:23 : No genes mapped to reference: S1_SemiBin_149
03:36:23 : No genes mapped to reference: S16_SemiBin_83
03:36:23 : No genes mapped to reference: S6_SemiBin_20
03:36:23 : No genes mapped to reference: S15_SemiBin_6
03:36:23 : No genes mapped to reference: S1_SemiBin_110
03:36:23 : No genes mapped to reference: S1_SemiBin_38
03:36:23 : No genes mapped to reference: S13_SemiBin_27
03:36:23 : No genes mapped to reference: S15_SemiBin_87
03:36:23 : No genes mapped to reference: S13_SemiBin_70
03:36:23 : No genes mapped to reference: S16_SemiBin_41
03:36:23 : No genes mapped to reference: S18_SemiBin_9
03:36:23 : No genes mapped to reference: S15_SemiBin_68
03:36:23 : No genes mapped to reference: S2_SemiBin_47
03:36:23 : No genes mapped to reference: S3_SemiBin_25
03:36:23 : No genes mapped to reference: S9_SemiBin_38
03:36:23 : No genes mapped to reference: S13_SemiBin_13
03:36:23 : No genes mapped to reference: S15_SemiBin_8
03:36:23 : No genes mapped to reference: S13_SemiBin_56
03:36:23 : No genes mapped to reference: S11_SemiBin_22
03:36:23 : No genes mapped to reference: S17_SemiBin_123
03:36:23 : No genes mapped to reference: S5_SemiBin_33
03:36:23 : No genes mapped to reference: S13_SemiBin_74
03:36:23 : No genes mapped to reference: S6_SemiBin_40
03:36:23 : No genes mapped to reference: S5_SemiBin_12
03:36:23 : No genes mapped to reference: S3_SemiBin_34
03:36:23 : No genes mapped to reference: S9_SemiBin_94
03:36:23 : No genes mapped to reference: S4_SemiBin_52
03:36:23 : No genes mapped to reference: S9_SemiBin_9
03:36:23 : No genes mapped to reference: S6_SemiBin_62
03:36:23 : No genes mapped to reference: S2_SemiBin_12
03:36:23 : No genes mapped to reference: S9_SemiBin_35
03:36:23 : No genes mapped to reference: S17_SemiBin_104
03:36:23 : No genes mapped to reference: S4_SemiBin_14
03:36:23 : No genes mapped to reference: S11_SemiBin_69
03:36:23 : No genes mapped to reference: S8_SemiBin_28
03:36:23 : No genes mapped to reference: S2_SemiBin_66
03:36:23 : No genes mapped to reference: S9_SemiBin_19
03:36:23 : No genes mapped to reference: S3_SemiBin_23
03:36:23 : No genes mapped to reference: S13_SemiBin_50
03:36:23 : No genes mapped to reference: S1_SemiBin_77
03:36:23 : No genes mapped to reference: S4_SemiBin_70
03:36:23 : No genes mapped to reference: S5_SemiBin_37
03:36:23 : No genes mapped to reference: S7_SemiBin_123
03:36:23 : No genes mapped to reference: S16_SemiBin_26
03:36:23 : No genes mapped to reference: S16_SemiBin_3
03:36:23 : No genes mapped to reference: S15_SemiBin_90
03:36:23 : No genes mapped to reference: S8_SemiBin_4
03:36:23 : No genes mapped to reference: S15_SemiBin_51
03:36:23 : No genes mapped to reference: S14_SemiBin_75
03:36:23 : No genes mapped to reference: S17_SemiBin_52
03:36:23 : No genes mapped to reference: S9_SemiBin_47
03:36:23 : No genes mapped to reference: S11_SemiBin_46
03:36:23 : No genes mapped to reference: S13_SemiBin_49
03:36:23 : No genes mapped to reference: S4_SemiBin_30
03:36:23 : No genes mapped to reference: S3_SemiBin_2
03:36:23 : No genes mapped to reference: S13_SemiBin_54
03:36:23 : No genes mapped to reference: S1_SemiBin_51
03:36:23 : No genes mapped to reference: S10_SemiBin_86
03:36:23 : No genes mapped to reference: S10_SemiBin_67
03:36:23 : No genes mapped to reference: S17_SemiBin_57
03:36:24 : No genes mapped to reference: S6_SemiBin_39
03:36:24 : No genes mapped to reference: S8_SemiBin_36
03:36:24 : No genes mapped to reference: S17_SemiBin_2
03:36:24 : No genes mapped to reference: S12_SemiBin_52
03:36:24 : No genes mapped to reference: S3_SemiBin_81
03:36:24 : No genes mapped to reference: S10_SemiBin_2
03:36:24 : No genes mapped to reference: S7_SemiBin_14
03:36:24 : No genes mapped to reference: S11_SemiBin_15
03:36:24 : No genes mapped to reference: S15_SemiBin_82
03:36:24 : No genes mapped to reference: S9_SemiBin_11
03:36:24 : No genes mapped to reference: S10_SemiBin_11
03:36:24 : No genes mapped to reference: S1_SemiBin_89
03:36:24 : No genes mapped to reference: S17_SemiBin_65
03:36:24 : No genes mapped to reference: S9_SemiBin_17
03:36:24 : No genes mapped to reference: S12_SemiBin_39
03:36:24 : No genes mapped to reference: S5_SemiBin_72
03:36:24 : No genes mapped to reference: S18_SemiBin_35
03:36:24 : No genes mapped to reference: S11_SemiBin_168
03:36:24 : No genes mapped to reference: S10_SemiBin_118
03:36:24 : No genes mapped to reference: S4_SemiBin_88
03:36:24 : No genes mapped to reference: S2_SemiBin_15
03:36:24 : No genes mapped to reference: S4_SemiBin_252
03:36:24 : No genes mapped to reference: S15_SemiBin_69
03:36:24 : No genes mapped to reference: S12_SemiBin_96
03:36:24 : No genes mapped to reference: S15_SemiBin_53
03:36:24 : No genes mapped to reference: S11_SemiBin_26
03:36:24 : No genes mapped to reference: S7_SemiBin_59
03:36:24 : No genes mapped to reference: S7_SemiBin_57
03:36:24 : No genes mapped to reference: S5_SemiBin_11
03:36:24 : No genes mapped to reference: S1_SemiBin_140
03:36:25 : No genes mapped to reference: S11_SemiBin_140
03:36:25 : No genes mapped to reference: S15_SemiBin_26
03:36:25 : No genes mapped to reference: S2_SemiBin_37
03:36:25 : No genes mapped to reference: S15_SemiBin_80
03:36:25 : No genes mapped to reference: S4_SemiBin_100
03:36:25 : No genes mapped to reference: S11_SemiBin_11
03:36:25 : No genes mapped to reference: S10_SemiBin_78
03:36:25 : No genes mapped to reference: S1_SemiBin_53
03:36:25 : No genes mapped to reference: S1_SemiBin_153
03:36:25 : No genes mapped to reference: S2_SemiBin_88
03:36:25 : No genes mapped to reference: S9_SemiBin_36
03:36:25 : No genes mapped to reference: S9_SemiBin_18
03:36:25 : No genes mapped to reference: S11_SemiBin_163
03:36:25 : No genes mapped to reference: S16_SemiBin_67
03:36:25 : No genes mapped to reference: S8_SemiBin_44
03:36:25 : No genes mapped to reference: S15_SemiBin_45
03:36:25 : No genes mapped to reference: S16_SemiBin_66
03:36:25 : No genes mapped to reference: S12_SemiBin_3
03:36:25 : No genes mapped to reference: S18_SemiBin_71
03:36:25 : No genes mapped to reference: S11_SemiBin_6
03:36:25 : No genes mapped to reference: S15_SemiBin_23
03:36:25 : No genes mapped to reference: S11_SemiBin_87
03:36:25 : No genes mapped to reference: S13_SemiBin_42
03:36:25 : No genes mapped to reference: S13_SemiBin_1
03:36:25 : No genes mapped to reference: S9_SemiBin_50
03:36:25 : No genes mapped to reference: S5_SemiBin_120
03:36:25 : No genes mapped to reference: S7_SemiBin_47
03:36:25 : No genes mapped to reference: S14_SemiBin_28
03:36:25 : No genes mapped to reference: S5_SemiBin_191
03:36:25 : No genes mapped to reference: S11_SemiBin_41
03:36:25 : No genes mapped to reference: S1_SemiBin_18
03:36:25 : No genes mapped to reference: S1_SemiBin_44
03:36:25 : No genes mapped to reference: S2_SemiBin_50
03:36:25 : No genes mapped to reference: S16_SemiBin_28
03:36:25 : No genes mapped to reference: S10_SemiBin_4
03:36:25 : No genes mapped to reference: S17_SemiBin_119
03:36:25 : No genes mapped to reference: S12_SemiBin_132
03:36:25 : No genes mapped to reference: S4_SemiBin_54
03:36:25 : No genes mapped to reference: S10_SemiBin_18
03:36:25 : No genes mapped to reference: S1_SemiBin_31
03:36:25 : No genes mapped to reference: S7_SemiBin_49
03:36:25 : No genes mapped to reference: S12_SemiBin_95
03:36:25 : No genes mapped to reference: S2_SemiBin_3
03:36:25 : No genes mapped to reference: S5_SemiBin_17
03:36:25 : No genes mapped to reference: S8_SemiBin_56
03:36:25 : No genes mapped to reference: S15_SemiBin_98
03:36:25 : No genes mapped to reference: S17_SemiBin_5
03:36:25 : No genes mapped to reference: S1_SemiBin_283
03:36:25 : No genes mapped to reference: S8_SemiBin_38
03:36:25 : No genes mapped to reference: S13_SemiBin_14
03:36:25 : No genes mapped to reference: S8_SemiBin_31
03:36:25 : No genes mapped to reference: S12_SemiBin_15
03:36:25 : No genes mapped to reference: S12_SemiBin_142
03:36:25 : No genes mapped to reference: S3_SemiBin_22
03:36:25 : No genes mapped to reference: S13_SemiBin_24
03:36:25 : No genes mapped to reference: S11_SemiBin_17
03:36:25 : No genes mapped to reference: S17_SemiBin_42
03:36:25 : No genes mapped to reference: S15_SemiBin_10
03:36:25 : No genes mapped to reference: S18_SemiBin_66
03:36:25 : No genes mapped to reference: S4_SemiBin_125
03:36:25 : No genes mapped to reference: S16_SemiBin_43
03:36:25 : No genes mapped to reference: S14_SemiBin_3
03:36:25 : No genes mapped to reference: S15_SemiBin_67
03:36:25 : No genes mapped to reference: S4_SemiBin_69
03:36:25 : No genes mapped to reference: S1_SemiBin_84
03:36:25 : No genes mapped to reference: S1_SemiBin_19
03:36:25 : No genes mapped to reference: S10_SemiBin_13
03:36:25 : No genes mapped to reference: S13_SemiBin_11
03:36:25 : No genes mapped to reference: S5_SemiBin_142
03:36:25 : No genes mapped to reference: S14_SemiBin_101
03:36:25 : No genes mapped to reference: S7_SemiBin_18
03:36:25 : No genes mapped to reference: S10_SemiBin_68
03:36:25 : No genes mapped to reference: S2_SemiBin_55
03:36:25 : No genes mapped to reference: S9_SemiBin_2
03:36:25 : No genes mapped to reference: S7_SemiBin_8
03:36:25 : No genes mapped to reference: S1_SemiBin_98
03:36:25 : No genes mapped to reference: S14_SemiBin_128
03:36:25 : No genes mapped to reference: S17_SemiBin_19
03:36:25 : No genes mapped to reference: S18_SemiBin_27
03:36:25 : No genes mapped to reference: S11_SemiBin_0
03:36:25 : No genes mapped to reference: S4_SemiBin_62
03:36:25 : No genes mapped to reference: S3_SemiBin_21
03:36:25 : No genes mapped to reference: S15_SemiBin_60
03:36:25 : No genes mapped to reference: S17_SemiBin_71
03:36:25 : No genes mapped to reference: S5_SemiBin_95
03:36:25 : No genes mapped to reference: S1_SemiBin_62
03:36:25 : No genes mapped to reference: S15_SemiBin_47
03:36:25 : No genes mapped to reference: S6_SemiBin_5
03:36:25 : No genes mapped to reference: S1_SemiBin_22
03:36:25 : No genes mapped to reference: S10_SemiBin_37
03:36:25 : No genes mapped to reference: S10_SemiBin_262
03:36:25 : No genes mapped to reference: S11_SemiBin_97
03:36:25 : No genes mapped to reference: S1_SemiBin_61
03:36:25 : No genes mapped to reference: S11_SemiBin_35
03:36:25 : No genes mapped to reference: S2_SemiBin_14
03:36:26 : No genes mapped to reference: S10_SemiBin_21
03:36:26 : No genes mapped to reference: S8_SemiBin_46
03:36:26 : No genes mapped to reference: S12_SemiBin_0
03:36:26 : No genes mapped to reference: S15_SemiBin_1
03:36:26 : No genes mapped to reference: S18_SemiBin_61
03:36:26 : No genes mapped to reference: S12_SemiBin_41
03:36:26 : No genes mapped to reference: S13_SemiBin_32
03:36:26 : No genes mapped to reference: S1_SemiBin_59
03:36:26 : No genes mapped to reference: S18_SemiBin_30
03:36:26 : No genes mapped to reference: S9_SemiBin_76
03:36:26 : No genes mapped to reference: S15_SemiBin_125
03:36:26 : No genes mapped to reference: S1_SemiBin_46
03:36:26 : No genes mapped to reference: S14_SemiBin_129
03:36:26 : No genes mapped to reference: S13_SemiBin_89
03:36:26 : No genes mapped to reference: S3_SemiBin_17
03:36:26 : No genes mapped to reference: S4_SemiBin_40
03:36:26 : No genes mapped to reference: S5_SemiBin_2
03:36:26 : No genes mapped to reference: S1_SemiBin_558
03:36:26 : No genes mapped to reference: S7_SemiBin_55
03:36:26 : No genes mapped to reference: S7_SemiBin_5
03:36:26 : No genes mapped to reference: S11_SemiBin_45
03:36:26 : No genes mapped to reference: S16_SemiBin_0
03:36:26 : No genes mapped to reference: S10_SemiBin_123
03:36:26 : No genes mapped to reference: S14_SemiBin_58
03:36:26 : No genes mapped to reference: S13_SemiBin_82
03:36:26 : No genes mapped to reference: S13_SemiBin_39
03:36:26 : No genes mapped to reference: S6_SemiBin_28
03:36:26 : No genes mapped to reference: S13_SemiBin_45
03:36:26 : No genes mapped to reference: S4_SemiBin_3
03:36:26 : No genes mapped to reference: S11_SemiBin_20
03:36:26 : No genes mapped to reference: S15_SemiBin_112
03:36:26 : No genes mapped to reference: S5_SemiBin_38
03:36:26 : No genes mapped to reference: S10_SemiBin_15
03:36:26 : No genes mapped to reference: S5_SemiBin_25
03:36:26 : No genes mapped to reference: S10_SemiBin_44
03:36:26 : No genes mapped to reference: S2_SemiBin_39
03:36:26 : No genes mapped to reference: S6_SemiBin_12
03:36:26 : No genes mapped to reference: S12_SemiBin_169
03:36:26 : No genes mapped to reference: S13_SemiBin_48
03:36:26 : No genes mapped to reference: S12_SemiBin_61
03:36:26 : No genes mapped to reference: S2_SemiBin_68
03:36:26 : No genes mapped to reference: S14_SemiBin_45
03:36:26 : No genes mapped to reference: S9_SemiBin_21
03:36:26 : No genes mapped to reference: S18_SemiBin_0
03:36:26 : No genes mapped to reference: S16_SemiBin_45
03:36:26 : No genes mapped to reference: S7_SemiBin_35
03:36:26 : No genes mapped to reference: S18_SemiBin_16
03:36:26 : No genes mapped to reference: S18_SemiBin_50
03:36:26 : No genes mapped to reference: S8_SemiBin_23
03:36:26 : No genes mapped to reference: S1_SemiBin_39
03:36:26 : No genes mapped to reference: S15_SemiBin_3
03:36:27 : No genes mapped to reference: S6_SemiBin_66
03:36:27 : No genes mapped to reference: S8_SemiBin_22
03:36:27 : No genes mapped to reference: S14_SemiBin_31
03:36:27 : No genes mapped to reference: S5_SemiBin_16
03:36:27 : No genes mapped to reference: S12_SemiBin_18
03:36:27 : No genes mapped to reference: S14_SemiBin_273
03:36:27 : No genes mapped to reference: S18_SemiBin_69
03:36:27 : No genes mapped to reference: S7_SemiBin_50
03:36:27 : No genes mapped to reference: S6_SemiBin_108
03:36:27 : No genes mapped to reference: S9_SemiBin_40
03:36:27 : No genes mapped to reference: S16_SemiBin_21
03:36:27 : No genes mapped to reference: S12_SemiBin_85
03:36:27 : No genes mapped to reference: S13_SemiBin_64
03:36:27 : No genes mapped to reference: S11_SemiBin_37
03:36:27 : No genes mapped to reference: S10_SemiBin_24
03:36:27 : No genes mapped to reference: S10_SemiBin_6
03:36:27 : No genes mapped to reference: S8_SemiBin_150
03:36:27 : No genes mapped to reference: S4_SemiBin_18
03:36:27 : No genes mapped to reference: S8_SemiBin_11
03:36:27 : No genes mapped to reference: S5_SemiBin_30
03:36:27 : No genes mapped to reference: S10_SemiBin_56
03:36:27 : No genes mapped to reference: S15_SemiBin_24
03:36:27 : No genes mapped to reference: S3_SemiBin_3
03:36:27 : No genes mapped to reference: S11_SemiBin_58
03:36:27 : No genes mapped to reference: S11_SemiBin_27
03:36:27 : No genes mapped to reference: S5_SemiBin_21
03:36:27 : No genes mapped to reference: S5_SemiBin_62
03:36:27 : No genes mapped to reference: S9_SemiBin_71
03:36:27 : No genes mapped to reference: S9_SemiBin_84
03:36:27 : No genes mapped to reference: S1_SemiBin_92
03:36:27 : No genes mapped to reference: S16_SemiBin_164
03:36:27 : No genes mapped to reference: S17_SemiBin_61
03:36:27 : No genes mapped to reference: S10_SemiBin_52
03:36:27 : No genes mapped to reference: S11_SemiBin_32
03:36:27 : No genes mapped to reference: S6_SemiBin_47
03:36:27 : No genes mapped to reference: S12_SemiBin_80
03:36:27 : No genes mapped to reference: S5_SemiBin_6
03:36:27 : No genes mapped to reference: S10_SemiBin_79
03:36:27 : No genes mapped to reference: S15_SemiBin_9
03:36:27 : No genes mapped to reference: S7_SemiBin_3
03:36:27 : No genes mapped to reference: S3_SemiBin_43
03:36:27 : No genes mapped to reference: S14_SemiBin_67
03:36:27 : No genes mapped to reference: S6_SemiBin_24
03:36:27 : No genes mapped to reference: S8_SemiBin_76
03:36:27 : No genes mapped to reference: S15_SemiBin_32
03:36:27 : No genes mapped to reference: S5_SemiBin_67
03:36:27 : No genes mapped to reference: S18_SemiBin_65
03:36:27 : No genes mapped to reference: S5_SemiBin_4
03:36:27 : No genes mapped to reference: S12_SemiBin_9
03:36:27 : No genes mapped to reference: S14_SemiBin_14
03:36:27 : No genes mapped to reference: S18_SemiBin_53
03:36:27 : No genes mapped to reference: S14_SemiBin_39
03:36:27 : No genes mapped to reference: S9_SemiBin_32
03:36:27 : No genes mapped to reference: S8_SemiBin_71
03:36:27 : No genes mapped to reference: S14_SemiBin_90
03:36:27 : No genes mapped to reference: S14_SemiBin_18
03:36:27 : No genes mapped to reference: S6_SemiBin_48
03:36:27 : No genes mapped to reference: S1_SemiBin_113
03:36:27 : No genes mapped to reference: S3_SemiBin_38
03:36:27 : No genes mapped to reference: S12_SemiBin_54
03:36:27 : No genes mapped to reference: S16_SemiBin_84
03:36:27 : No genes mapped to reference: S10_SemiBin_235
03:36:27 : No genes mapped to reference: S12_SemiBin_51
03:36:28 : No genes mapped to reference: S4_SemiBin_4
03:36:28 : No genes mapped to reference: S8_SemiBin_34
03:36:28 : No genes mapped to reference: S4_SemiBin_1
03:36:28 : No genes mapped to reference: S6_SemiBin_0
03:36:28 : No genes mapped to reference: S12_SemiBin_33
03:36:28 : No genes mapped to reference: S18_SemiBin_234
03:36:28 : No genes mapped to reference: S17_SemiBin_8
03:36:28 : No genes mapped to reference: S11_SemiBin_21
03:36:28 : No genes mapped to reference: S13_SemiBin_15
03:36:28 : No genes mapped to reference: S3_SemiBin_12
03:36:28 : No genes mapped to reference: S13_SemiBin_59
03:36:28 : No genes mapped to reference: S2_SemiBin_34
03:36:28 : No genes mapped to reference: S8_SemiBin_74
03:36:28 : No genes mapped to reference: S13_SemiBin_34
03:36:28 : No genes mapped to reference: S17_SemiBin_15
03:36:28 : No genes mapped to reference: S11_SemiBin_68
03:36:28 : No genes mapped to reference: S13_SemiBin_75
03:36:28 : No genes mapped to reference: S16_SemiBin_30
03:36:28 : No genes mapped to reference: S15_SemiBin_34
03:36:28 : No genes mapped to reference: S5_SemiBin_15
03:36:28 : No genes mapped to reference: S8_SemiBin_24
03:36:28 : No genes mapped to reference: S12_SemiBin_44
03:36:28 : No genes mapped to reference: S17_SemiBin_130
03:36:28 : No genes mapped to reference: S16_SemiBin_8
03:36:28 : No genes mapped to reference: S1_SemiBin_68
03:36:28 : No genes mapped to reference: S15_SemiBin_11
03:36:28 : No genes mapped to reference: S17_SemiBin_7
03:36:28 : No genes mapped to reference: S8_SemiBin_6
03:36:28 : No genes mapped to reference: S15_SemiBin_12
03:36:28 : No genes mapped to reference: S13_SemiBin_0
03:36:28 : No genes mapped to reference: S18_SemiBin_67
03:36:28 : No genes mapped to reference: S12_SemiBin_42
03:36:28 : No genes mapped to reference: S13_SemiBin_337
03:36:28 : No genes mapped to reference: S17_SemiBin_30
03:36:28 : No genes mapped to reference: S15_SemiBin_76
03:36:28 : No genes mapped to reference: S14_SemiBin_10
03:36:28 : No genes mapped to reference: S16_SemiBin_132
03:36:28 : No genes mapped to reference: S16_SemiBin_127
03:36:28 : No genes mapped to reference: S9_SemiBin_37
03:36:28 : No genes mapped to reference: S13_SemiBin_63
03:36:28 : No genes mapped to reference: S8_SemiBin_1
03:36:28 : No genes mapped to reference: S15_SemiBin_7
03:36:28 : No genes mapped to reference: S11_SemiBin_8
03:36:28 : No genes mapped to reference: S1_SemiBin_237
03:36:28 : No genes mapped to reference: S14_SemiBin_0
03:36:28 : No genes mapped to reference: S13_SemiBin_21
03:36:28 : No genes mapped to reference: S1_SemiBin_37
03:36:28 : No genes mapped to reference: S7_SemiBin_78
03:36:28 : No genes mapped to reference: S8_SemiBin_111
03:36:28 : No genes mapped to reference: S13_SemiBin_84
03:36:28 : No genes mapped to reference: S6_SemiBin_9
03:36:28 : No genes mapped to reference: S10_SemiBin_70
03:36:28 : No genes mapped to reference: S7_SemiBin_21
03:36:28 : No genes mapped to reference: S4_SemiBin_78
03:36:28 : No genes mapped to reference: S3_SemiBin_20
03:36:28 : No genes mapped to reference: S1_SemiBin_50
03:36:28 : No genes mapped to reference: S13_SemiBin_20
03:36:28 : No genes mapped to reference: S6_SemiBin_4
03:36:28 : No genes mapped to reference: S14_SemiBin_113
03:36:28 : No genes mapped to reference: S6_SemiBin_100
03:36:29 : No genes mapped to reference: S6_SemiBin_17
03:36:29 : No genes mapped to reference: S11_SemiBin_16
03:36:29 : No genes mapped to reference: S2_SemiBin_5
03:36:29 : No genes mapped to reference: S15_SemiBin_79
03:36:29 : No genes mapped to reference: S17_SemiBin_72
03:36:29 : No genes mapped to reference: S9_SemiBin_204
03:36:29 : No genes mapped to reference: S11_SemiBin_3
03:36:29 : No genes mapped to reference: S15_SemiBin_105
03:36:29 : No genes mapped to reference: S15_SemiBin_100
03:36:29 : No genes mapped to reference: S1_SemiBin_78
03:36:29 : No genes mapped to reference: S10_SemiBin_49
03:36:29 : No genes mapped to reference: S14_SemiBin_37
03:36:29 : No genes mapped to reference: S15_SemiBin_16
03:36:29 : No genes mapped to reference: S3_SemiBin_15
03:36:29 : No genes mapped to reference: S18_SemiBin_85
03:36:29 : No genes mapped to reference: S14_SemiBin_148
03:36:29 : No genes mapped to reference: S1_SemiBin_88
03:36:29 : No genes mapped to reference: S8_SemiBin_40
03:36:29 : No genes mapped to reference: S13_SemiBin_40
03:36:29 : No genes mapped to reference: S10_SemiBin_23
03:36:29 : No genes mapped to reference: S10_SemiBin_48
03:36:29 : No genes mapped to reference: S18_SemiBin_96
03:36:29 : No genes mapped to reference: S4_SemiBin_29
03:36:29 : No genes mapped to reference: S8_SemiBin_18
03:36:29 : No genes mapped to reference: S12_SemiBin_119
03:36:29 : No genes mapped to reference: S8_SemiBin_96
03:36:29 : No genes mapped to reference: S2_SemiBin_41
03:36:29 : No genes mapped to reference: S11_SemiBin_40
03:36:29 : No genes mapped to reference: S10_SemiBin_61
03:36:29 : No genes mapped to reference: S11_SemiBin_62
03:36:29 : No genes mapped to reference: S17_SemiBin_24
03:36:29 : No genes mapped to reference: S8_SemiBin_27
03:36:29 : No genes mapped to reference: S13_SemiBin_16
03:36:29 : No genes mapped to reference: S14_SemiBin_146
03:36:29 : No genes mapped to reference: S12_SemiBin_78
03:36:29 : No genes mapped to reference: S17_SemiBin_4
03:36:29 : No genes mapped to reference: S17_SemiBin_35
03:36:29 : No genes mapped to reference: S5_SemiBin_58
03:36:29 : No genes mapped to reference: S4_SemiBin_89
03:36:29 : No genes mapped to reference: S2_SemiBin_52
03:36:29 : No genes mapped to reference: S7_SemiBin_29
03:36:29 : No genes mapped to reference: S18_SemiBin_23
03:36:29 : No genes mapped to reference: S17_SemiBin_1
03:36:29 : No genes mapped to reference: S13_SemiBin_46
03:36:29 : No genes mapped to reference: S16_SemiBin_102
03:36:29 : No genes mapped to reference: S11_SemiBin_63
03:36:29 : No genes mapped to reference: S12_SemiBin_17
03:36:29 : No genes mapped to reference: S3_SemiBin_24
03:36:29 : No genes mapped to reference: S9_SemiBin_177
03:36:29 : No genes mapped to reference: S4_SemiBin_38
03:36:29 : No genes mapped to reference: S10_SemiBin_10
03:36:29 : No genes mapped to reference: S9_SemiBin_52
03:36:29 : No genes mapped to reference: S6_SemiBin_13
03:36:29 : No genes mapped to reference: S10_SemiBin_20
03:36:29 : No genes mapped to reference: S4_SemiBin_51
03:36:29 : No genes mapped to reference: S16_SemiBin_19
03:36:29 : No genes mapped to reference: S14_SemiBin_17
03:36:29 : No genes mapped to reference: S8_SemiBin_77
03:36:29 : No genes mapped to reference: S10_SemiBin_85
03:36:29 : No genes mapped to reference: S7_SemiBin_51
03:36:29 : No genes mapped to reference: S16_SemiBin_62
03:36:29 : No genes mapped to reference: S9_SemiBin_62
03:36:29 : No genes mapped to reference: S9_SemiBin_12
03:36:29 : No genes mapped to reference: S17_SemiBin_16
03:36:29 : No genes mapped to reference: S16_SemiBin_146
03:36:29 : No genes mapped to reference: S3_SemiBin_77
03:36:29 : No genes mapped to reference: S11_SemiBin_81
03:36:29 : No genes mapped to reference: S7_SemiBin_62
03:36:29 : No genes mapped to reference: S3_SemiBin_37
03:36:29 : No genes mapped to reference: S6_SemiBin_23
03:36:29 : No genes mapped to reference: S10_SemiBin_17
03:36:29 : No genes mapped to reference: S12_SemiBin_45
03:36:29 : No genes mapped to reference: S15_SemiBin_57
03:36:29 : No genes mapped to reference: S17_SemiBin_136
03:36:29 : No genes mapped to reference: S7_SemiBin_132
03:36:29 : No genes mapped to reference: S16_SemiBin_9
03:36:29 : No genes mapped to reference: S3_SemiBin_79
03:36:29 : No genes mapped to reference: S17_SemiBin_29
03:36:29 : No genes mapped to reference: S6_SemiBin_19
03:36:29 : No genes mapped to reference: S13_SemiBin_10
03:36:29 : No genes mapped to reference: S8_SemiBin_115
03:36:29 : No genes mapped to reference: S7_SemiBin_23
03:36:29 : No genes mapped to reference: S9_SemiBin_149
03:36:29 : No genes mapped to reference: S11_SemiBin_9
03:36:29 : No genes mapped to reference: S13_SemiBin_29
03:36:29 : No genes mapped to reference: S13_SemiBin_69
03:36:29 : No genes mapped to reference: S7_SemiBin_0
03:36:29 : No genes mapped to reference: S8_SemiBin_5
03:36:29 : No genes mapped to reference: S2_SemiBin_70
03:36:29 : No genes mapped to reference: S3_SemiBin_104
03:36:29 : No genes mapped to reference: S18_SemiBin_111
03:36:29 : No genes mapped to reference: S13_SemiBin_114
03:36:29 : No genes mapped to reference: S14_SemiBin_40
03:36:29 : No genes mapped to reference: S16_SemiBin_34
03:36:29 : No genes mapped to reference: S14_SemiBin_11
03:36:29 : No genes mapped to reference: S3_SemiBin_10
03:36:29 : No genes mapped to reference: S6_SemiBin_149
03:36:29 : No genes mapped to reference: S12_SemiBin_118
03:36:29 : No genes mapped to reference: S6_SemiBin_1
03:36:29 : No genes mapped to reference: S10_SemiBin_73
03:36:29 : No genes mapped to reference: S2_SemiBin_13
03:36:29 : No genes mapped to reference: S5_SemiBin_26
03:36:29 : No genes mapped to reference: S13_SemiBin_25
03:36:29 : No genes mapped to reference: S9_SemiBin_129
03:36:29 : No genes mapped to reference: S7_SemiBin_25
03:36:29 : No genes mapped to reference: S10_SemiBin_43
03:36:29 : No genes mapped to reference: S18_SemiBin_100
03:36:29 : No genes mapped to reference: S17_SemiBin_58
03:36:29 : No genes mapped to reference: S10_SemiBin_30
03:36:29 : No genes mapped to reference: S7_SemiBin_33
03:36:29 : No genes mapped to reference: S9_SemiBin_123
03:36:29 : No genes mapped to reference: S1_SemiBin_21
03:36:29 : No genes mapped to reference: S18_SemiBin_104
03:36:29 : No genes mapped to reference: S17_SemiBin_22
03:36:29 : No genes mapped to reference: S4_SemiBin_67
03:36:29 : No genes mapped to reference: S13_SemiBin_8
03:36:29 : No genes mapped to reference: S2_SemiBin_0
03:36:29 : No genes mapped to reference: S10_SemiBin_33
03:36:29 : No genes mapped to reference: S1_SemiBin_4
03:36:29 : No genes mapped to reference: S2_SemiBin_19
03:36:29 : No genes mapped to reference: S11_SemiBin_60
03:36:29 : No genes mapped to reference: S12_SemiBin_1
03:36:29 : No genes mapped to reference: S10_SemiBin_26
03:36:29 : No genes mapped to reference: S12_SemiBin_24
03:36:29 : No genes mapped to reference: S10_SemiBin_69
03:36:29 : No genes mapped to reference: S4_SemiBin_0
03:36:29 : No genes mapped to reference: S8_SemiBin_81
03:36:29 : No genes mapped to reference: S7_SemiBin_52
03:36:29 : No genes mapped to reference: S1_SemiBin_244
03:36:29 : No genes mapped to reference: S11_SemiBin_12
03:36:29 : No genes mapped to reference: S5_SemiBin_19
03:36:29 : No genes mapped to reference: S9_SemiBin_66
03:36:29 : No genes mapped to reference: S14_SemiBin_9
03:36:29 : No genes mapped to reference: S9_SemiBin_346
03:36:29 : No genes mapped to reference: S5_SemiBin_86
03:36:29 : No genes mapped to reference: S6_SemiBin_14
03:36:29 : No genes mapped to reference: S16_SemiBin_17
03:36:29 : No genes mapped to reference: S8_SemiBin_20
03:36:29 : No genes mapped to reference: S12_SemiBin_86
03:36:29 : No genes mapped to reference: S1_SemiBin_67
03:36:29 : No genes mapped to reference: S10_SemiBin_60
03:36:29 : No genes mapped to reference: S2_SemiBin_79
03:36:29 : No genes mapped to reference: S7_SemiBin_7
03:36:29 : No genes mapped to reference: S17_SemiBin_40
03:36:29 : No genes mapped to reference: S12_SemiBin_32
03:36:29 : No genes mapped to reference: S12_SemiBin_76
03:36:29 : No genes mapped to reference: S1_SemiBin_49
03:36:29 : No genes mapped to reference: S11_SemiBin_61
03:36:29 : No genes mapped to reference: S13_SemiBin_28
03:36:29 : No genes mapped to reference: S2_SemiBin_36
03:36:29 : No genes mapped to reference: S10_SemiBin_39
03:36:29 : No genes mapped to reference: S8_SemiBin_30
03:36:29 : No genes mapped to reference: S4_SemiBin_41
03:36:29 : No genes mapped to reference: S14_SemiBin_42
03:36:29 : No genes mapped to reference: S14_SemiBin_86
03:36:29 : No genes mapped to reference: S6_SemiBin_56
03:36:29 : No genes mapped to reference: S2_SemiBin_83
03:36:29 : No genes mapped to reference: S3_SemiBin_73
03:36:29 : No genes mapped to reference: S2_SemiBin_22
03:36:29 : No genes mapped to reference: S13_SemiBin_9
03:36:29 : No genes mapped to reference: S12_SemiBin_40
03:36:29 : No genes mapped to reference: S4_SemiBin_12
03:36:29 : No genes mapped to reference: S18_SemiBin_82
03:36:29 : No genes mapped to reference: S8_SemiBin_51
03:36:29 : No genes mapped to reference: S14_SemiBin_59
03:36:29 : No genes mapped to reference: S2_SemiBin_2
03:36:29 : No genes mapped to reference: S5_SemiBin_68
03:36:29 : No genes mapped to reference: S15_SemiBin_65
03:36:29 : No genes mapped to reference: S3_SemiBin_57
03:36:29 : No genes mapped to reference: S18_SemiBin_12
03:36:29 : No genes mapped to reference: S10_SemiBin_12
03:36:29 : No genes mapped to reference: S11_SemiBin_18
03:36:29 : No genes mapped to reference: S12_SemiBin_27
03:36:29 : No genes mapped to reference: S5_SemiBin_70
03:36:30 : No genes mapped to reference: S15_SemiBin_122
03:36:30 : No genes mapped to reference: S16_SemiBin_51
03:36:30 : No genes mapped to reference: S12_SemiBin_28
03:36:30 : No genes mapped to reference: S16_SemiBin_49
03:36:30 : No genes mapped to reference: S17_SemiBin_59
03:36:30 : No genes mapped to reference: S5_SemiBin_49
03:36:30 : No genes mapped to reference: S8_SemiBin_84
03:36:30 : No genes mapped to reference: S1_SemiBin_139
03:36:30 : No genes mapped to reference: S9_SemiBin_308
03:36:30 : No genes mapped to reference: S13_SemiBin_19
03:36:30 : No genes mapped to reference: S13_SemiBin_6
03:36:30 : No genes mapped to reference: S17_SemiBin_49
03:36:30 : No genes mapped to reference: S7_SemiBin_58
03:36:30 : No genes mapped to reference: S17_SemiBin_79
03:36:30 : No genes mapped to reference: S5_SemiBin_60
03:36:30 : No genes mapped to reference: S7_SemiBin_53
03:36:30 : No genes mapped to reference: S17_SemiBin_23
03:36:30 : No genes mapped to reference: S7_SemiBin_48
03:36:30 : No genes mapped to reference: S2_SemiBin_60
03:36:30 : No genes mapped to reference: S7_SemiBin_74
03:36:30 : No genes mapped to reference: S1_SemiBin_94
03:36:30 : No genes mapped to reference: S18_SemiBin_34
03:36:30 : No genes mapped to reference: S10_SemiBin_168
03:36:30 : No genes mapped to reference: S14_SemiBin_76
03:36:30 : No genes mapped to reference: S7_SemiBin_136
03:36:30 : No genes mapped to reference: S14_SemiBin_70
03:36:30 : No genes mapped to reference: S4_SemiBin_90
03:36:30 : No genes mapped to reference: S7_SemiBin_60
03:36:30 : No genes mapped to reference: S11_SemiBin_34
03:36:30 : No genes mapped to reference: S12_SemiBin_55
03:36:30 : No genes mapped to reference: S4_SemiBin_98
03:36:30 : No genes mapped to reference: S14_SemiBin_83
03:36:30 : No genes mapped to reference: S14_SemiBin_16
03:36:30 : No genes mapped to reference: S1_SemiBin_311
03:36:30 : No genes mapped to reference: S1_SemiBin_173
03:36:30 : No genes mapped to reference: S18_SemiBin_59
03:36:30 : No genes mapped to reference: S1_SemiBin_60
03:36:30 : No genes mapped to reference: S1_SemiBin_45
03:36:30 : No genes mapped to reference: S16_SemiBin_16
03:36:30 : No genes mapped to reference: S8_SemiBin_39
03:36:30 : No genes mapped to reference: S4_SemiBin_2
03:36:30 : No genes mapped to reference: S2_SemiBin_6
03:36:30 : No genes mapped to reference: S17_SemiBin_62
03:36:30 : No genes mapped to reference: S11_SemiBin_33
03:36:30 : No genes mapped to reference: S9_SemiBin_197
03:36:30 : No genes mapped to reference: S18_SemiBin_1
03:36:30 : No genes mapped to reference: S15_SemiBin_83
03:36:30 : No genes mapped to reference: S8_SemiBin_257
03:36:30 : No genes mapped to reference: S2_SemiBin_31
03:36:30 : No genes mapped to reference: S16_SemiBin_27
03:36:30 : No genes mapped to reference: S13_SemiBin_91
03:36:30 : No genes mapped to reference: S14_SemiBin_98
03:36:30 : No genes mapped to reference: S6_SemiBin_96
03:36:30 : No genes mapped to reference: S9_SemiBin_249
03:36:30 : No genes mapped to reference: S2_SemiBin_87
03:36:30 : No genes mapped to reference: S18_SemiBin_151
03:36:30 : No genes mapped to reference: S10_SemiBin_127
03:36:30 : No genes mapped to reference: S14_SemiBin_12
03:36:30 : No genes mapped to reference: S2_SemiBin_92
03:36:30 : No genes mapped to reference: S9_SemiBin_63
03:36:30 : No genes mapped to reference: S15_SemiBin_54
03:36:30 : No genes mapped to reference: S13_SemiBin_72
03:36:30 : No genes mapped to reference: S2_SemiBin_21
03:36:30 : No genes mapped to reference: S18_SemiBin_78
03:36:30 : No genes mapped to reference: S18_SemiBin_48
03:36:30 : No genes mapped to reference: S18_SemiBin_45
03:36:30 : No genes mapped to reference: S11_SemiBin_7
03:36:30 : No genes mapped to reference: S16_SemiBin_59
03:36:30 : No genes mapped to reference: S16_SemiBin_91
03:36:30 : No genes mapped to reference: S16_SemiBin_54
03:36:30 : No genes mapped to reference: S11_SemiBin_31
03:36:30 : No genes mapped to reference: S11_SemiBin_76
03:36:30 : No genes mapped to reference: S2_SemiBin_7
03:36:30 : No genes mapped to reference: S3_SemiBin_64
03:36:30 : No genes mapped to reference: S13_SemiBin_103
03:36:30 : No genes mapped to reference: S16_SemiBin_7
03:36:30 : No genes mapped to reference: S16_SemiBin_151
03:36:30 : No genes mapped to reference: S16_SemiBin_10
03:36:30 : No genes mapped to reference: S14_SemiBin_217
03:36:30 : No genes mapped to reference: S12_SemiBin_43
03:36:30 : No genes mapped to reference: S16_SemiBin_150
03:36:30 : No genes mapped to reference: S7_SemiBin_15
03:36:30 : No genes mapped to reference: S14_SemiBin_82
03:36:30 : No genes mapped to reference: S9_SemiBin_250
03:36:30 : No genes mapped to reference: S9_SemiBin_15
03:36:30 : No genes mapped to reference: S9_SemiBin_7
03:36:30 : No genes mapped to reference: S8_SemiBin_256
03:36:30 : No genes mapped to reference: S11_SemiBin_4
03:36:30 : No genes mapped to reference: S9_SemiBin_30
03:36:30 : No genes mapped to reference: S2_SemiBin_9
03:36:30 : No genes mapped to reference: S1_SemiBin_65
03:36:30 : No genes mapped to reference: S18_SemiBin_8
03:36:30 : No genes mapped to reference: S15_SemiBin_46
03:36:30 : No genes mapped to reference: S16_SemiBin_1
03:36:30 : No genes mapped to reference: S17_SemiBin_34
03:36:30 : No genes mapped to reference: S10_SemiBin_28
03:36:30 : No genes mapped to reference: S12_SemiBin_152
03:36:30 : No genes mapped to reference: S15_SemiBin_35
03:36:30 : No genes mapped to reference: S5_SemiBin_41
03:36:30 : No genes mapped to reference: S2_SemiBin_27
03:36:30 : No genes mapped to reference: S9_SemiBin_99
03:36:30 : No genes mapped to reference: S15_SemiBin_78
03:36:30 : No genes mapped to reference: S6_SemiBin_64
03:36:30 : No genes mapped to reference: S2_SemiBin_96
03:36:30 : No genes mapped to reference: S13_SemiBin_23
03:36:30 : No genes mapped to reference: S8_SemiBin_7
03:36:30 : No genes mapped to reference: S1_SemiBin_10
03:36:30 : No genes mapped to reference: S7_SemiBin_85
03:36:30 : No genes mapped to reference: S4_SemiBin_101
03:36:30 : No genes mapped to reference: S16_SemiBin_92
03:36:30 : No genes mapped to reference: S17_SemiBin_26
03:36:30 : No genes mapped to reference: S5_SemiBin_7
03:36:30 : No genes mapped to reference: S1_SemiBin_74
03:36:30 : No genes mapped to reference: S5_SemiBin_3
03:36:30 : No genes mapped to reference: S14_SemiBin_84
03:36:30 : No genes mapped to reference: S10_SemiBin_42
03:36:30 : No genes mapped to reference: S8_SemiBin_157
03:36:31 : No genes mapped to reference: S16_SemiBin_32
03:36:31 : No genes mapped to reference: S13_SemiBin_148
03:36:31 : No genes mapped to reference: S13_SemiBin_107
03:36:31 : No genes mapped to reference: S12_SemiBin_60
03:36:31 : No genes mapped to reference: S10_SemiBin_1
03:36:31 : No genes mapped to reference: S18_SemiBin_92
03:36:31 : No genes mapped to reference: S11_SemiBin_10
03:36:31 : No genes mapped to reference: S18_SemiBin_26
03:36:31 : No genes mapped to reference: S9_SemiBin_34
03:36:31 : No genes mapped to reference: S11_SemiBin_29
03:36:31 : No genes mapped to reference: S1_SemiBin_0
03:36:31 : No genes mapped to reference: S3_SemiBin_31
03:36:31 : No genes mapped to reference: S8_SemiBin_49
03:36:31 : No genes mapped to reference: S17_SemiBin_94
03:36:31 : No genes mapped to reference: S16_SemiBin_88
03:36:31 : No genes mapped to reference: S9_SemiBin_175
03:36:31 : No genes mapped to reference: S11_SemiBin_19
03:36:31 : No genes mapped to reference: S17_SemiBin_17
03:36:31 : No genes mapped to reference: S15_SemiBin_25
03:36:31 : No genes mapped to reference: S12_SemiBin_4
03:36:31 : No genes mapped to reference: S8_SemiBin_69
03:36:31 : No genes mapped to reference: S16_SemiBin_72
03:36:31 : No genes mapped to reference: S6_SemiBin_15
03:36:31 : No genes mapped to reference: S10_SemiBin_62
03:36:31 : No genes mapped to reference: S1_SemiBin_69
03:36:31 : No genes mapped to reference: S8_SemiBin_78
03:36:31 : No genes mapped to reference: S15_SemiBin_22
03:36:31 : No genes mapped to reference: S4_SemiBin_50
03:36:31 : No genes mapped to reference: S6_SemiBin_25
03:36:31 : No genes mapped to reference: S13_SemiBin_55
03:36:31 : No genes mapped to reference: S15_SemiBin_48
03:36:31 : No genes mapped to reference: S18_SemiBin_76
03:36:31 : No genes mapped to reference: S16_SemiBin_71
03:36:31 : No genes mapped to reference: S4_SemiBin_9
03:36:31 : No genes mapped to reference: S1_SemiBin_82
03:36:31 : No genes mapped to reference: S15_SemiBin_21
03:36:31 : No genes mapped to reference: S4_SemiBin_35
03:36:31 : No genes mapped to reference: S9_SemiBin_0
03:36:31 : No genes mapped to reference: S10_SemiBin_53
03:36:31 : No genes mapped to reference: S11_SemiBin_28
03:36:31 : No genes mapped to reference: S12_SemiBin_25
03:36:31 : No genes mapped to reference: S17_SemiBin_48
03:36:31 : No genes mapped to reference: S16_SemiBin_33
03:36:31 : No genes mapped to reference: S13_SemiBin_33
03:36:31 : No genes mapped to reference: S7_SemiBin_24
03:36:31 : No genes mapped to reference: S15_SemiBin_13
03:36:31 : No genes mapped to reference: S10_SemiBin_75
03:36:31 : No genes mapped to reference: S15_SemiBin_33
03:36:31 : No genes mapped to reference: S8_SemiBin_58
03:36:31 : No genes mapped to reference: S10_SemiBin_3
03:36:31 : No genes mapped to reference: S13_SemiBin_41
03:36:31 : No genes mapped to reference: S7_SemiBin_13
03:36:31 : No genes mapped to reference: S1_SemiBin_47
03:36:31 : No genes mapped to reference: S4_SemiBin_64
03:36:31 : No genes mapped to reference: S7_SemiBin_19
03:36:31 : No genes mapped to reference: S15_SemiBin_27
03:36:31 : No genes mapped to reference: S9_SemiBin_125
03:36:31 : No genes mapped to reference: S14_SemiBin_62
03:36:31 : No genes mapped to reference: S16_SemiBin_75
03:36:31 : No genes mapped to reference: S4_SemiBin_106
03:36:31 : No genes mapped to reference: S17_SemiBin_92
03:36:31 : No genes mapped to reference: S15_SemiBin_29
03:36:31 : No genes mapped to reference: S13_SemiBin_65
03:36:31 : No genes mapped to reference: S1_SemiBin_87
03:36:31 : No genes mapped to reference: S4_SemiBin_19
03:36:31 : No genes mapped to reference: S3_SemiBin_5
03:36:31 : No genes mapped to reference: S14_SemiBin_43
03:36:31 : No genes mapped to reference: S9_SemiBin_5
03:36:31 : No genes mapped to reference: S10_SemiBin_38
03:36:31 : No genes mapped to reference: S9_SemiBin_48
03:36:31 : No genes mapped to reference: S5_SemiBin_29
03:36:31 : No genes mapped to reference: S1_SemiBin_151
03:36:31 : No genes mapped to reference: S17_SemiBin_12
03:36:31 : No genes mapped to reference: S14_SemiBin_19
03:36:31 : No genes mapped to reference: S14_SemiBin_5
03:36:31 : No genes mapped to reference: S18_SemiBin_210
03:36:31 : No genes mapped to reference: S13_SemiBin_30
03:36:31 : No genes mapped to reference: S12_SemiBin_10
03:36:31 : No genes mapped to reference: S16_SemiBin_36
03:36:31 : No genes mapped to reference: S13_SemiBin_7
03:36:31 : No genes mapped to reference: S12_SemiBin_72
03:36:31 : No genes mapped to reference: S10_SemiBin_14
03:36:31 : No genes mapped to reference: S18_SemiBin_376
03:36:31 : No genes mapped to reference: S14_SemiBin_26
03:36:31 : No genes mapped to reference: S5_SemiBin_44
03:36:31 : No genes mapped to reference: S13_SemiBin_31
03:36:31 : No genes mapped to reference: S12_SemiBin_36
03:36:31 : No genes mapped to reference: S15_SemiBin_59
03:36:31 : No genes mapped to reference: S1_SemiBin_23
03:36:31 : No genes mapped to reference: S13_SemiBin_12
03:36:31 : No genes mapped to reference: S4_SemiBin_116
03:36:31 : No genes mapped to reference: S17_SemiBin_149
03:36:31 : No genes mapped to reference: S11_SemiBin_14
03:36:31 : No genes mapped to reference: S9_SemiBin_13
03:36:31 : No genes mapped to reference: S15_SemiBin_186
03:36:31 : No genes mapped to reference: S16_SemiBin_134
03:36:31 : No genes mapped to reference: S11_SemiBin_47
03:36:31 : No genes mapped to reference: S2_SemiBin_121
03:36:31 : No genes mapped to reference: S18_SemiBin_36
03:36:31 : No genes mapped to reference: S10_SemiBin_145
03:36:31 : No genes mapped to reference: S5_SemiBin_50
03:36:31 : No genes mapped to reference: S10_SemiBin_9
03:36:31 : No genes mapped to reference: S1_SemiBin_197
03:36:31 : No genes mapped to reference: S2_SemiBin_46
03:36:31 : No genes mapped to reference: S6_SemiBin_42
03:36:31 : No genes mapped to reference: S14_SemiBin_48
03:36:31 : No genes mapped to reference: S10_SemiBin_51
03:36:31 : No genes mapped to reference: S7_SemiBin_28
03:36:31 : No genes mapped to reference: S18_SemiBin_31
03:36:31 : No genes mapped to reference: S1_SemiBin_167
03:36:31 : No genes mapped to reference: S14_SemiBin_51
03:36:31 : No genes mapped to reference: S17_SemiBin_38
03:36:31 : No genes mapped to reference: S6_SemiBin_84
03:36:31 : No genes mapped to reference: S2_SemiBin_78
03:36:31 : No genes mapped to reference: S2_SemiBin_18
03:36:31 : No genes mapped to reference: S14_SemiBin_61
03:36:31 : No genes mapped to reference: S17_SemiBin_39
03:36:31 : No genes mapped to reference: S16_SemiBin_68
03:36:31 : No genes mapped to reference: S15_SemiBin_14
03:36:31 : No genes mapped to reference: S5_SemiBin_53
03:36:31 : No genes mapped to reference: S6_SemiBin_37
03:36:31 : No genes mapped to reference: S12_SemiBin_106
03:36:31 : No genes mapped to reference: S13_SemiBin_86
03:36:31 : No genes mapped to reference: S3_SemiBin_65
03:36:31 : No genes mapped to reference: S8_SemiBin_16
03:36:31 : No genes mapped to reference: S10_SemiBin_97
03:36:31 : No genes mapped to reference: S3_SemiBin_28
03:36:31 : No genes mapped to reference: S8_SemiBin_12
03:36:31 : No genes mapped to reference: S12_SemiBin_49
03:36:31 : No genes mapped to reference: S16_SemiBin_53
03:36:31 : No genes mapped to reference: S15_SemiBin_19
03:36:31 : No genes mapped to reference: S18_SemiBin_15
03:36:31 : No genes mapped to reference: S4_SemiBin_139
03:36:31 : No genes mapped to reference: S2_SemiBin_58
03:36:31 : No genes mapped to reference: S8_SemiBin_25
03:36:31 : No genes mapped to reference: S8_SemiBin_37
03:36:31 : No genes mapped to reference: S4_SemiBin_113
03:36:31 : No genes mapped to reference: S12_SemiBin_8
03:36:31 : No genes mapped to reference: S1_SemiBin_28
03:36:31 : No genes mapped to reference: S4_SemiBin_117
03:36:31 : No genes mapped to reference: S7_SemiBin_42
03:36:31 : No genes mapped to reference: S17_SemiBin_3
03:36:31 : No genes mapped to reference: S1_SemiBin_58
03:36:31 : No genes mapped to reference: S6_SemiBin_2
03:36:31 : No genes mapped to reference: S14_SemiBin_60
03:36:31 : No genes mapped to reference: S13_SemiBin_51
03:36:31 : No genes mapped to reference: S16_SemiBin_18
03:36:31 : No genes mapped to reference: S8_SemiBin_145
03:36:31 : No genes mapped to reference: S9_SemiBin_6
03:36:31 : No genes mapped to reference: S18_SemiBin_155
03:36:31 : No genes mapped to reference: S15_SemiBin_15
03:36:31 : No genes mapped to reference: S11_SemiBin_42
03:36:31 : No genes mapped to reference: S5_SemiBin_28
03:36:31 : No genes mapped to reference: S14_SemiBin_49
03:36:31 : No genes mapped to reference: S13_SemiBin_2
03:36:31 : No genes mapped to reference: S16_SemiBin_47
03:36:31 : No genes mapped to reference: S14_SemiBin_2
03:36:32 : No genes mapped to reference: S14_SemiBin_33
03:36:32 : No genes mapped to reference: S16_SemiBin_2
03:36:32 : No genes mapped to reference: S3_SemiBin_29
03:36:32 : No genes mapped to reference: S17_SemiBin_89
03:36:32 : No genes mapped to reference: S4_SemiBin_120
03:36:32 : No genes mapped to reference: S11_SemiBin_105
03:36:32 : No genes mapped to reference: S4_SemiBin_11
03:36:32 : No genes mapped to reference: S3_SemiBin_9
03:36:32 : No genes mapped to reference: S10_SemiBin_0
03:36:32 : No genes mapped to reference: S10_SemiBin_22
03:36:32 : No genes mapped to reference: S18_SemiBin_19
03:36:32 : No genes mapped to reference: S1_SemiBin_25
03:36:32 : No genes mapped to reference: S12_SemiBin_23
03:36:32 : No genes mapped to reference: S16_SemiBin_11
03:36:32 : No genes mapped to reference: S3_SemiBin_113
03:36:32 : No genes mapped to reference: S5_SemiBin_78
03:36:32 : No genes mapped to reference: S8_SemiBin_17
03:36:32 : No genes mapped to reference: S8_SemiBin_14
03:36:32 : No genes mapped to reference: S14_SemiBin_211
03:36:32 : No genes mapped to reference: S5_SemiBin_31
03:36:32 : No genes mapped to reference: S4_SemiBin_86
03:36:32 : No genes mapped to reference: S2_SemiBin_10
03:36:32 : No genes mapped to reference: S17_SemiBin_165
03:36:32 : No genes mapped to reference: S12_SemiBin_7
03:36:32 : No genes mapped to reference: S13_SemiBin_5
03:36:32 : No genes mapped to reference: S2_SemiBin_29
03:36:32 : No genes mapped to reference: S1_SemiBin_148
03:36:32 : No genes mapped to reference: S18_SemiBin_2
03:36:32 : No genes mapped to reference: S12_SemiBin_13
03:36:32 : No genes mapped to reference: S13_SemiBin_122
03:36:32 : No genes mapped to reference: S11_SemiBin_67
03:36:32 : No genes mapped to reference: S15_SemiBin_84
03:36:32 : No genes mapped to reference: S4_SemiBin_36
03:36:32 : No genes mapped to reference: S16_SemiBin_58
03:36:32 : No genes mapped to reference: S11_SemiBin_49
03:36:32 : No genes mapped to reference: S17_SemiBin_18
03:36:32 : No genes mapped to reference: S10_SemiBin_109
03:36:32 : No genes mapped to reference: S1_SemiBin_75
03:36:32 : No genes mapped to reference: S16_SemiBin_22
03:36:32 : No genes mapped to reference: S16_SemiBin_4
03:36:32 : No genes mapped to reference: S13_SemiBin_58
03:36:32 : No genes mapped to reference: S1_SemiBin_27
03:36:32 : No genes mapped to reference: S8_SemiBin_169
03:36:32 : No genes mapped to reference: S18_SemiBin_22
03:36:32 : No genes mapped to reference: S15_SemiBin_70
03:36:32 : No genes mapped to reference: S10_SemiBin_47
03:36:32 : No genes mapped to reference: S10_SemiBin_113
03:36:32 : No genes mapped to reference: S17_SemiBin_44
03:36:32 : No genes mapped to reference: S4_SemiBin_153
03:36:32 : No genes mapped to reference: S4_SemiBin_22
03:36:32 : No genes mapped to reference: S6_SemiBin_3
03:36:32 : No genes mapped to reference: S2_SemiBin_57
03:36:32 : No genes mapped to reference: S2_SemiBin_51
03:36:32 : No genes mapped to reference: S5_SemiBin_0
03:36:32 : No genes mapped to reference: S18_SemiBin_157
03:36:32 : No genes mapped to reference: S13_SemiBin_83
03:36:32 : No genes mapped to reference: S1_SemiBin_34
03:36:32 : No genes mapped to reference: S7_SemiBin_46
03:36:32 : No genes mapped to reference: S9_SemiBin_14
03:36:32 : No genes mapped to reference: S8_SemiBin_73
03:36:32 : No genes mapped to reference: S4_SemiBin_217
03:36:32 : No genes mapped to reference: S1_SemiBin_20
03:36:32 : No genes mapped to reference: S8_SemiBin_70
03:36:32 : No genes mapped to reference: S12_SemiBin_90
03:36:32 : No genes mapped to reference: S15_SemiBin_36
03:36:32 : No genes mapped to reference: S3_SemiBin_11
03:36:32 : No genes mapped to reference: S4_SemiBin_53
03:36:32 : No genes mapped to reference: S18_SemiBin_54
03:36:32 : No genes mapped to reference: S7_SemiBin_4
03:36:32 : No genes mapped to reference: S16_SemiBin_212
03:36:32 : No genes mapped to reference: S1_SemiBin_165
03:36:32 : No genes mapped to reference: S15_SemiBin_42
03:36:32 : No genes mapped to reference: S9_SemiBin_242
03:36:32 : No genes mapped to reference: S13_SemiBin_73
03:36:32 : No genes mapped to reference: S16_SemiBin_98
03:36:32 : No genes mapped to reference: S3_SemiBin_19
03:36:32 : No genes mapped to reference: S15_SemiBin_115
03:36:32 : No genes mapped to reference: S9_SemiBin_128
03:36:32 : No genes mapped to reference: S18_SemiBin_28
03:36:32 : No genes mapped to reference: S8_SemiBin_99
03:36:32 : No genes mapped to reference: S8_SemiBin_0
03:36:32 : No genes mapped to reference: S10_SemiBin_274
03:36:32 : No genes mapped to reference: S16_SemiBin_37
03:36:32 : No genes mapped to reference: S9_SemiBin_224
03:36:32 : No genes mapped to reference: S4_SemiBin_75
03:36:32 : No genes mapped to reference: S18_SemiBin_18
03:36:32 : No genes mapped to reference: S16_SemiBin_114
03:36:32 : No genes mapped to reference: S8_SemiBin_42
03:36:32 : No genes mapped to reference: S16_SemiBin_20
03:36:32 : No genes mapped to reference: S3_SemiBin_159
03:36:32 : No genes mapped to reference: S1_SemiBin_257
03:36:32 : No genes mapped to reference: S13_SemiBin_22
03:36:32 : No genes mapped to reference: S7_SemiBin_32
03:36:32 : No genes mapped to reference: S16_SemiBin_65
03:36:32 : No genes mapped to reference: S11_SemiBin_320
03:36:32 : No genes mapped to reference: S13_SemiBin_44
03:36:32 : No genes mapped to reference: S14_SemiBin_52
03:36:32 : No genes mapped to reference: S14_SemiBin_15
03:36:32 : No genes mapped to reference: S14_SemiBin_29
03:36:32 : No genes mapped to reference: S12_SemiBin_38
03:36:32 : No genes mapped to reference: S5_SemiBin_5
03:36:32 : No genes mapped to reference: S9_SemiBin_303
03:36:32 : No genes mapped to reference: S6_SemiBin_41
03:36:32 : No genes mapped to reference: S10_SemiBin_16
03:36:32 : No genes mapped to reference: S9_SemiBin_8
03:36:32 : No genes mapped to reference: S14_SemiBin_32
03:36:32 : No genes mapped to reference: S9_SemiBin_33
03:36:32 : No genes mapped to reference: S9_SemiBin_116
03:36:32 : No genes mapped to reference: S1_SemiBin_35
03:36:32 : No genes mapped to reference: S5_SemiBin_13
03:36:32 : No genes mapped to reference: S3_SemiBin_87
03:36:32 : No genes mapped to reference: S12_SemiBin_37
03:36:32 : No genes mapped to reference: S6_SemiBin_30
03:36:32 : No genes mapped to reference: S18_SemiBin_83
03:36:32 : No genes mapped to reference: S4_SemiBin_5
03:36:32 : No genes mapped to reference: S16_SemiBin_35
03:36:32 : No genes mapped to reference: S11_SemiBin_5
03:36:32 : No genes mapped to reference: S4_SemiBin_6
03:36:32 : No genes mapped to reference: S5_SemiBin_42
03:36:32 : No genes mapped to reference: S6_SemiBin_87
03:36:32 : No genes mapped to reference: S6_SemiBin_57
03:36:32 : No genes mapped to reference: S6_SemiBin_61
03:36:32 : No genes mapped to reference: S14_SemiBin_50
03:36:32 : No genes mapped to reference: S12_SemiBin_83
03:36:32 : No genes mapped to reference: S1_SemiBin_90
03:36:32 : No genes mapped to reference: S1_SemiBin_17
03:36:32 : No genes mapped to reference: S7_SemiBin_34
03:36:32 : No genes mapped to reference: S10_SemiBin_19
03:36:32 : No genes mapped to reference: S7_SemiBin_104
03:36:32 : No genes mapped to reference: S14_SemiBin_125
03:36:32 : No genes mapped to reference: S4_SemiBin_32
03:36:32 : No genes mapped to reference: S1_SemiBin_109
03:36:32 : No genes mapped to reference: S16_SemiBin_14
03:36:32 : No genes mapped to reference: S13_SemiBin_138
03:36:32 : No genes mapped to reference: S14_SemiBin_44
03:36:32 : No genes mapped to reference: S6_SemiBin_7
03:36:32 : No genes mapped to reference: S2_SemiBin_20
03:36:32 : No genes mapped to reference: S18_SemiBin_80
03:36:32 : No genes mapped to reference: S14_SemiBin_8
03:36:32 : No genes mapped to reference: S5_SemiBin_10
03:36:32 : No genes mapped to reference: S2_SemiBin_33
03:36:32 : No genes mapped to reference: S17_SemiBin_41
03:36:32 : No genes mapped to reference: S11_SemiBin_36
03:36:32 : No genes mapped to reference: S15_SemiBin_118
03:36:32 : No genes mapped to reference: S13_SemiBin_35
03:36:32 : No genes mapped to reference: S7_SemiBin_40
03:36:32 : No genes mapped to reference: S16_SemiBin_87
03:36:32 : No genes mapped to reference: S18_SemiBin_121
03:36:32 : No genes mapped to reference: S1_SemiBin_183
03:36:32 : No genes mapped to reference: S7_SemiBin_152
03:36:32 : No genes mapped to reference: S9_SemiBin_24
03:36:32 : No genes mapped to reference: S12_SemiBin_53
03:36:32 : No genes mapped to reference: S3_SemiBin_55
03:36:32 : No genes mapped to reference: S16_SemiBin_24
03:36:32 : No genes mapped to reference: S16_SemiBin_119
03:36:32 : No genes mapped to reference: S16_SemiBin_50
03:36:32 : No genes mapped to reference: S8_SemiBin_10
03:36:32 : No genes mapped to reference: S3_SemiBin_13
03:36:32 : No genes mapped to reference: S17_SemiBin_53
03:36:32 : No genes mapped to reference: S7_SemiBin_10
03:36:32 : No genes mapped to reference: S6_SemiBin_34
03:36:32 : No genes mapped to reference: S7_SemiBin_65
03:36:32 : No genes mapped to reference: S14_SemiBin_132
03:36:32 : No genes mapped to reference: S13_SemiBin_4
03:36:32 : No genes mapped to reference: S10_SemiBin_58
03:36:32 : No genes mapped to reference: S14_SemiBin_88
03:36:32 : No genes mapped to reference: S11_SemiBin_25
03:36:32 : No genes mapped to reference: S12_SemiBin_2
03:36:32 : No genes mapped to reference: S1_SemiBin_43
03:36:32 : No genes mapped to reference: S13_SemiBin_26
03:36:32 : No genes mapped to reference: S17_SemiBin_70
03:36:32 : No genes mapped to reference: S3_SemiBin_6
03:36:32 : No genes mapped to reference: S15_SemiBin_37
03:36:33 : No genes mapped to reference: S10_SemiBin_154
03:36:33 : No genes mapped to reference: S14_SemiBin_47
03:36:33 : No genes mapped to reference: S14_SemiBin_56
03:36:33 : No genes mapped to reference: S3_SemiBin_30
03:36:33 : No genes mapped to reference: S13_SemiBin_77
03:36:33 : No genes mapped to reference: S15_SemiBin_41
03:36:33 : No genes mapped to reference: S8_SemiBin_54
03:36:33 : No genes mapped to reference: S16_SemiBin_56
03:36:33 : No genes mapped to reference: S11_SemiBin_59
03:36:33 : No genes mapped to reference: S6_SemiBin_26
03:36:33 : No genes mapped to reference: S2_SemiBin_40
03:36:33 : No genes mapped to reference: S14_SemiBin_204
03:36:33 : No genes mapped to reference: S13_SemiBin_61
03:36:33 : No genes mapped to reference: S10_SemiBin_29
03:36:33 : No genes mapped to reference: S17_SemiBin_158
03:36:33 : No genes mapped to reference: S9_SemiBin_49
03:36:33 : No genes mapped to reference: S13_SemiBin_87
03:36:33 : No genes mapped to reference: S10_SemiBin_5
03:36:33 : No genes mapped to reference: S17_SemiBin_37
03:36:33 : No genes mapped to reference: S15_SemiBin_72
03:36:33 : No genes mapped to reference: S14_SemiBin_36
03:36:33 : No genes mapped to reference: S9_SemiBin_60
03:36:33 : No genes mapped to reference: S3_SemiBin_146
03:36:33 : No genes mapped to reference: S18_SemiBin_95
03:36:33 : No genes mapped to reference: S9_SemiBin_39
03:36:33 : No genes mapped to reference: S6_SemiBin_27
03:36:33 : No genes mapped to reference: S7_SemiBin_16
03:36:33 : No genes mapped to reference: S9_SemiBin_25
03:36:33 : No genes mapped to reference: S3_SemiBin_46
03:36:33 : No genes mapped to reference: S2_SemiBin_38
03:36:33 : No genes mapped to reference: S17_SemiBin_11
03:36:33 : No genes mapped to reference: S12_SemiBin_127
03:36:33 : No genes mapped to reference: S10_SemiBin_65
03:36:33 : No genes mapped to reference: S15_SemiBin_73
03:36:33 : No genes mapped to reference: S16_SemiBin_12
03:36:33 : No genes mapped to reference: S2_SemiBin_28
03:36:33 : No genes mapped to reference: S7_SemiBin_64
03:36:33 : No genes mapped to reference: S1_SemiBin_9
03:36:33 : No genes mapped to reference: S11_SemiBin_73
03:36:33 : No genes mapped to reference: S4_SemiBin_71
03:36:33 : No genes mapped to reference: S18_SemiBin_201
03:36:33 : No genes mapped to reference: S8_SemiBin_193
03:36:33 : No genes mapped to reference: S13_SemiBin_3
03:36:33 : No genes mapped to reference: S13_SemiBin_108
03:36:33 : No genes mapped to reference: S3_SemiBin_52
03:36:33 : No genes mapped to reference: S3_SemiBin_32
03:36:33 : No genes mapped to reference: S1_SemiBin_57
03:36:33 : No genes mapped to reference: S7_SemiBin_17
03:36:33 : No genes mapped to reference: S3_SemiBin_35
03:36:33 : No genes mapped to reference: S10_SemiBin_27
03:36:33 : No genes mapped to reference: S15_SemiBin_97
03:36:33 : No genes mapped to reference: S12_SemiBin_29
03:36:33 : No genes mapped to reference: S14_SemiBin_93
03:36:33 : No genes mapped to reference: S4_SemiBin_73
03:36:33 : No genes mapped to reference: S10_SemiBin_108
03:36:33 : No genes mapped to reference: S2_SemiBin_4
03:36:33 : No genes mapped to reference: S10_SemiBin_124
03:36:33 : No genes mapped to reference: S1_SemiBin_2
03:36:33 : No genes mapped to reference: S1_SemiBin_14
03:36:33 : No genes mapped to reference: S6_SemiBin_18
03:36:33 : No genes mapped to reference: S15_SemiBin_31
03:36:33 : No genes mapped to reference: S6_SemiBin_31
03:36:33 : No genes mapped to reference: S15_SemiBin_56
03:36:33 : No genes mapped to reference: S5_SemiBin_43
03:36:33 : No genes mapped to reference: S9_SemiBin_74
03:36:33 : No genes mapped to reference: S15_SemiBin_116
03:36:33 : No genes mapped to reference: S15_SemiBin_38
03:36:34 : No genes mapped to reference: S2_SemiBin_11
03:36:34 : No genes mapped to reference: S13_SemiBin_142
03:36:34 : No genes mapped to reference: S6_SemiBin_11
03:36:34 : No genes mapped to reference: S15_SemiBin_30
03:36:34 : No genes mapped to reference: S7_SemiBin_86
03:36:34 : No genes mapped to reference: S4_SemiBin_72
03:36:34 : No genes mapped to reference: S17_SemiBin_86
03:36:34 : No genes mapped to reference: S3_SemiBin_4
03:36:34 : No genes mapped to reference: S3_SemiBin_8
03:36:34 : No genes mapped to reference: S8_SemiBin_105
03:36:34 : No genes mapped to reference: S14_SemiBin_41
03:36:34 : No genes mapped to reference: S7_SemiBin_11
03:36:34 : No genes mapped to reference: S9_SemiBin_56
03:36:34 : No genes mapped to reference: S1_SemiBin_190
03:36:34 : No genes mapped to reference: S8_SemiBin_33
03:36:34 : No genes mapped to reference: S14_SemiBin_177
03:36:34 : No genes mapped to reference: S1_SemiBin_54
03:36:34 : No genes mapped to reference: S12_SemiBin_74
03:36:34 : No genes mapped to reference: S6_SemiBin_144
03:36:34 : No genes mapped to reference: S7_SemiBin_116
03:36:34 : No genes mapped to reference: S3_SemiBin_14
03:36:34 : No genes mapped to reference: S1_SemiBin_100
03:36:34 : No genes mapped to reference: S8_SemiBin_41
03:36:34 : No genes mapped to reference: S17_SemiBin_36
03:36:34 : No genes mapped to reference: S12_SemiBin_14
03:36:34 : No genes mapped to reference: S10_SemiBin_40
03:36:34 : No genes mapped to reference: S17_SemiBin_13
03:36:34 : No genes mapped to reference: S4_SemiBin_66
03:36:34 : No genes mapped to reference: S14_SemiBin_20
03:36:34 : No genes mapped to reference: S18_SemiBin_21
03:36:34 : No genes mapped to reference: S15_SemiBin_170
03:36:34 : No genes mapped to reference: S1_SemiBin_146
03:36:34 : No genes mapped to reference: S11_SemiBin_64
03:36:34 : No genes mapped to reference: S2_SemiBin_26
03:36:34 : No genes mapped to reference: S11_SemiBin_24
03:36:34 : No genes mapped to reference: S9_SemiBin_103
03:36:34 : No diamond output files.
[Tue Jan 20 03:36:35 2026]
Error in rule gunc:
    jobid: 0
    input: /maps/projects/rasmussen/data/taxvamb_benchmarks/rerun_semibin_results/bee_metagenome_PRJNA1007366/semibin/bins
    output: /maps/projects/rasmussen/data/taxvamb_benchmarks/rerun_semibin_results/bee_metagenome_PRJNA1007366/gunc/semibin, /maps/projects/rasmussen/data/taxvamb_benchmarks/rerun_semibin_results/bee_metagenome_PRJNA1007366/gunc/semibin/GUNC.progenomes_2.1.maxCSS_level.tsv
    conda-env: /maps/projects/rasmussen/data/taxvamb_benchmarks/refactor_paper_benchmarks/.snakemake/conda/4fc5ff30191f3a957a9da28c47457afe_
    shell:
        
        # Input dir should contain files in fasta format -- need to gzip for some
        rm -rf /maps/projects/rasmussen/data/taxvamb_benchmarks/rerun_semibin_results/bee_metagenome_PRJNA1007366/gunc/semibin
        mkdir -p /maps/projects/rasmussen/data/taxvamb_benchmarks/rerun_semibin_results/bee_metagenome_PRJNA1007366/gunc/semibin

        if [ "semibin" == "semibin" ]; then
            gzip -dk /maps/projects/rasmussen/data/taxvamb_benchmarks/rerun_semibin_results/bee_metagenome_PRJNA1007366/semibin/bins/*.gz 
        fi

        gunc run --input_dir /maps/projects/rasmussen/data/taxvamb_benchmarks/rerun_semibin_results/bee_metagenome_PRJNA1007366/semibin/bins --file_suffix .fa --db_file /maps/projects/rasmussen/data/taxvamb_benchmarks/taxvamb_benchmarks/gunc_db/gunc_database/gunc_db_progenomes2.1.dmnd --threads 64 --out_dir /maps/projects/rasmussen/data/taxvamb_benchmarks/rerun_semibin_results/bee_metagenome_PRJNA1007366/gunc/semibin 
        
        (one of the commands exited with non-zero exit code; note that snakemake uses bash strict mode!)

Shutting down, this might take some time.
Exiting because a job execution failed. Look above for error message
Storing output in storage.
WorkflowError:
At least one job did not complete successfully.
